[caacongo.com/index.html]
[backblue.gif]
[fade.gif]
[index.html]
[caacongo.com/js/modernizr-2.6.2.min.js]
[js.convertflow.co/production/websites/5800.js]
[caacongo.com/contacts.html]
[caacongo.com/membres.html]
[caacongo.com/index-2.html]
[caacongo.com/images/logo.jpg]
[caacongo.com/horaires.html]
[caacongo.com/destinations.html]
[caacongo.com/reservation.html]
[caacongo.com/agents.html]
[caacongo.com/horizons.html]
[caacongo.com/cargo.html]
[caacongo.com/images/img_bg_1.jpg]
[caacongo.com/images/banner-caa-jnb.jpg]
[caacongo.com/images/img_bg_2.jpg]
[caacongo.com/js/jquery.min.js]
[caacongo.com/js/jquery.easing.1.3.js]
[caacongo.com/js/bootstrap.min.js]
[caacongo.com/js/jquery.waypoints.min.js]
[caacongo.com/js/jquery.flexslider-min.js]
[caacongo.com/js/owl.carousel.min.js]
[caacongo.com/js/jquery.magnific-popup.min.js]
[caacongo.com/js/magnific-popup-options.js]
[caacongo.com/js/bootstrap-datepicker.js]
[caacongo.com/js/main.js]
[caacongo.com/index.html]
[www.googletagmanager.com/gtm5445.html]
[caacongo.com/css/animate.css]
[caacongo.com/css/icomoon.css]
[caacongo.com/css/bootstrap.css]
[caacongo.com/css/magnific-popup.css]
[caacongo.com/css/flexslider.css]
[caacongo.com/css/owl.carousel.min.css]
[caacongo.com/css/owl.theme.default.min.css]
[caacongo.com/css/bootstrap-datepicker.css]
[caacongo.com/fonts/flaticon/font/Flaticon.eot]
[caacongo.com/fonts/flaticon/font/Flaticond41d.eot]
[caacongo.com/fonts/flaticon/font/Flaticon.woff]
[caacongo.com/fonts/flaticon/font/Flaticon.ttf]
[caacongo.com/fonts/flaticon/font/flaticon.css]
[caacongo.com/fonts/icomoon/icomoona57c.eot]
[caacongo.com/fonts/icomoon/icomoona57c.ttf]
[caacongo.com/fonts/icomoon/icomoona57c.woff]
[caacongo.com/images/loader.gif]
[caacongo.com/images/customer-service.png]
[caacongo.com/css/style.css]
[caacongo.com/images/kisangani-reprise.gif]
[caacongo.com/css/canvas.css]
[caacongo.com/slide/css/example.html]
[caacongo.com/slide/css/font-awesome.min.html]
[caacongo.com/slide/img/pagination.html]
[caacongo.com/images/bia.jpg]
[caacongo.com/images/dircom.jpg]
[caacongo.com/images/equateur.jpg]
[caacongo.com/images/matonge.jpg]
[caacongo.com/contacts.html]
[caacongo.com/images/img_bg_1h.jpg]
[caacongo.com/images/horizons.png]
[caacongo.com/images/horizmap02.jpg]
[caacongo.com/images/room-1.jpg]
[caacongo.com/images/room-2.jpg]
[caacongo.com/images/room-3.jpg]
[caacongo.com/statuts.html]
[caacongo.com/images/room-4.jpg]
[caacongo.com/cumuler.html]
[caacongo.com/images/room-5.jpg]
[caacongo.com/redeem.html]
[caacongo.com/images/room-7.jpg]
[caacongo.com/hoffres.html]
[caacongo.com/images/room-8.jpg]
[caacongo.com/hpartenaires.html]
[caacongo.com/images/room-9.jpg]
[caacongo.com/faq.html]
[caacongo.com/images/room-10.jpg]
[caacongo.com/membres.html]
[caacongo.com/index-2.html]
[caacongo.com/horaires.html]
[caacongo.com/images/drcmap12.jpg]
[caacongo.com/destinations.html]
[caacongo.com/reservation.html]
[caacongo.com/agents.html]
[caacongo.com/images/horizmap.jpg]
[caacongo.com/horizons.html]
[caacongo.com/images/img_bg_1c.jpg]
[caacongo.com/images/cargomap02.jpg]
[caacongo.com/images/cargomap03.jpg]
[caacongo.com/images/cargomap04.jpg]
[caacongo.com/images/cargo-1.jpg]
[caacongo.com/images/cargo-2.jpg]
[caacongo.com/images/cargo-3.jpg]
[caacongo.com/cargo.html]
[caacongo.com/conditions.html]
[caacongo.com/css/fonts/icomoon366d.html]
[caacongo.com/css/fonts/icomoon366d-2.html]
[caacongo.com/css/fonts/icomoon366d-3.html]
[caacongo.com/css/fonts/icomoon366d-4.html]
[caacongo.com/css/owl.video.play.html]
[caacongo.com/fonts/flaticon/font/Flaticon.svg]
[caacongo.com/fonts/icomoon/icomoona57c.eot]
[caacongo.com/fonts/icomoon/icomoona57c.svg]
[caacongo.com/images/bia.jpg]
[caacongo.com/images/horizmap02.jpg]
[caacongo.com/images/horizmap07.jpg]
[caacongo.com/images/room-1.jpg]
[caacongo.com/images/horizmap04.jpg]
[caacongo.com/statuts.html]
[caacongo.com/images/horizmap05.jpg]
[caacongo.com/cumuler.html]
[caacongo.com/images/horizmap03.jpg]
[caacongo.com/redeem.html]
[caacongo.com/images/horizmap10.jpg]
[caacongo.com/hoffres.html]
[caacongo.com/images/horizmap09.jpg]
[caacongo.com/hpartenaires.html]
[caacongo.com/images/horizmap08.jpg]
[caacongo.com/faq.html]
[caacongo.com/hcontacts.html]
[caacongo.com/images/horizmap11.jpg]
[caacongo.com/hcontacts.html]
